e:\university\programming projects\queuingsystemsimulation\queuingsystemsimulation\x64\debug\vc145.pdb
e:\university\programming projects\queuingsystemsimulation\queuingsystemsimulation\x64\debug\.netframework,version=v4.8.assemblyattributes.obj
e:\university\programming projects\queuingsystemsimulation\queuingsystemsimulation\x64\debug\queue.obj
e:\university\programming projects\queuingsystemsimulation\queuingsystemsimulation\x64\debug\program.obj
e:\university\programming projects\queuingsystemsimulation\queuingsystemsimulation\x64\debug\homepage.obj
e:\university\programming projects\queuingsystemsimulation\x64\debug\queuingsystemsimulation.exe
e:\university\programming projects\queuingsystemsimulation\x64\debug\queuingsystemsimulation.pdb
e:\university\programming projects\queuingsystemsimulation\queuingsystemsimulation\x64\debug\queuings.f9243263.tlog\cl.command.1.tlog
e:\university\programming projects\queuingsystemsimulation\queuingsystemsimulation\x64\debug\queuings.f9243263.tlog\cl.items.tlog
e:\university\programming projects\queuingsystemsimulation\queuingsystemsimulation\x64\debug\queuings.f9243263.tlog\cl.read.1.tlog
e:\university\programming projects\queuingsystemsimulation\queuingsystemsimulation\x64\debug\queuings.f9243263.tlog\cl.write.1.tlog
e:\university\programming projects\queuingsystemsimulation\queuingsystemsimulation\x64\debug\queuings.f9243263.tlog\link.command.1.tlog
e:\university\programming projects\queuingsystemsimulation\queuingsystemsimulation\x64\debug\queuings.f9243263.tlog\link.read.1.tlog
e:\university\programming projects\queuingsystemsimulation\queuingsystemsimulation\x64\debug\queuings.f9243263.tlog\link.secondary.1.tlog
e:\university\programming projects\queuingsystemsimulation\queuingsystemsimulation\x64\debug\queuings.f9243263.tlog\link.write.1.tlog
e:\university\programming projects\queuingsystemsimulation\queuingsystemsimulation\x64\debug\queuings.f9243263.tlog\metagen.read.1.tlog
e:\university\programming projects\queuingsystemsimulation\queuingsystemsimulation\x64\debug\queuings.f9243263.tlog\metagen.write.1.tlog
e:\university\programming projects\queuingsystemsimulation\queuingsystemsimulation\x64\debug\queuings.f9243263.tlog\resgen.command.1.tlog
e:\university\programming projects\queuingsystemsimulation\queuingsystemsimulation\x64\debug\queuings.f9243263.tlog\resgen.read.1.tlog
e:\university\programming projects\queuingsystemsimulation\queuingsystemsimulation\x64\debug\queuings.f9243263.tlog\resgen.write.1.tlog
